// Jest Snapshot v1, https://goo.gl/fbAQLP

exports[`parse schema: Schema 1`] = `
GraphQLSchema {
  "__allowedLegacyNames": Array [],
  "__validationErrors": undefined,
  "_directives": Array [
    "@skip",
    "@include",
    "@deprecated",
  ],
  "_implementations": Object {
    "UnionType": Array [],
  },
  "_mutationType": "Mutation",
  "_possibleTypeMap": Object {},
  "_queryType": "Query",
  "_subscriptionType": null,
  "_typeMap": Object {
    "Boolean": "Boolean",
    "CustomScalar": "CustomScalar",
    "Float": "Float",
    "ID": "ID",
    "InputType": "InputType",
    "Int": "Int",
    "Mutation": "Mutation",
    "NestedInputType": "NestedInputType",
    "NestedObjectType": "NestedObjectType",
    "ObjectType": "ObjectType",
    "Potato": "Potato",
    "Query": "Query",
    "String": "String",
    "Tomato": "Tomato",
    "UnionType": "UnionType",
    "__Directive": "__Directive",
    "__DirectiveLocation": "__DirectiveLocation",
    "__EnumValue": "__EnumValue",
    "__Field": "__Field",
    "__InputValue": "__InputValue",
    "__Schema": "__Schema",
    "__Type": "__Type",
    "__TypeKind": "__TypeKind",
  },
  "astNode": undefined,
  "extensionASTNodes": undefined,
}
`;

exports[`parse schema: SchemaIR 1`] = `
Object {
  "types": Object {
    "Boolean": Object {
      "kind": "namedType",
      "typename": "Boolean",
    },
    "CustomScalar": Object {
      "kind": "namedType",
      "typename": "CustomScalar",
    },
    "Float": Object {
      "kind": "namedType",
      "typename": "Float",
    },
    "ID": Object {
      "kind": "namedType",
      "typename": "ID",
    },
    "InputType": Object {
      "kind": "namedType",
      "typename": "InputType",
    },
    "Int": Object {
      "kind": "namedType",
      "typename": "Int",
    },
    "Mutation": Object {
      "kind": "namedType",
      "typename": "Mutation",
    },
    "NestedInputType": Object {
      "kind": "namedType",
      "typename": "NestedInputType",
    },
    "NestedObjectType": Object {
      "kind": "namedType",
      "typename": "NestedObjectType",
    },
    "ObjectType": Object {
      "kind": "namedType",
      "typename": "ObjectType",
    },
    "Potato": Object {
      "kind": "namedType",
      "typename": "Potato",
    },
    "Query": Object {
      "kind": "namedType",
      "typename": "Query",
    },
    "String": Object {
      "kind": "namedType",
      "typename": "String",
    },
    "Tomato": Object {
      "kind": "namedType",
      "typename": "Tomato",
    },
    "UnionType": Object {
      "kind": "namedType",
      "typename": "UnionType",
    },
    "__Directive": undefined,
    "__DirectiveLocation": undefined,
    "__EnumValue": undefined,
    "__Field": undefined,
    "__InputValue": undefined,
    "__Schema": undefined,
    "__Type": undefined,
    "__TypeKind": undefined,
  },
}
`;
